// Jest Snapshot v1, https://goo.gl/fbAQLP

exports[`Tests on <ToDoAdd /> should render correctly 1`] = `
<Fragment>
  <h4>
    Agregar toDo
  </h4>
  <hr />
  <form
    onSubmit={[Function]}
  >
    <input
      autoComplete="off"
      className="form-control"
      name="description"
      onChange={[Function]}
      placeholder="Aprender..."
      type="text"
      value=""
    />
    <button
      className="btn btn-outline-info mt-1 btn-block"
      type="submit"
    >
      +
    </button>
  </form>
</Fragment>
`;
