// Jest Snapshot v1, https://goo.gl/fbAQLP

exports[`Tests on ToDoApp should render correctly 1`] = `
<Fragment>
  <h1>
    Todo App (
    0
    )
  </h1>
  <hr />
  <div
    className="row"
  >
    <div
      className="col-7"
    >
      <ToDoList
        handleDelete={[Function]}
        handleToggle={[Function]}
        toDos={Array []}
      />
    </div>
    <div
      className="col-5"
    >
      <ToDoAdd
        handleAddTodo={[Function]}
      />
    </div>
  </div>
</Fragment>
`;
