// Jest Snapshot v1, https://goo.gl/fbAQLP

exports[`Test over HooksApp functionality should match snapshot 1`] = `
<div>
  <h1>
    React Hooks
  </h1>
</div>
`;
