// Jest Snapshot v1, https://goo.gl/fbAQLP

exports[`Test on AddCategory component should render the element correctly 1`] = `
<form
  onSubmit={[Function]}
>
  <p />
  <h3>
    Add Category
  </h3>
  <input
    onChange={[Function]}
    type="text"
    value=""
  />
</form>
`;
