// Jest Snapshot v1, https://goo.gl/fbAQLP

exports[`Test on GifGrid should match snapshot 1`] = `
<Fragment>
  <h3>
    Goku
  </h3>
  <p>
    Cargando...
  </p>
  <div
    className="card-grid"
  />
</Fragment>
`;
